// Jest Snapshot v1, https://goo.gl/fbAQLP

exports[`dialog should match snapshot 1`] = `
<DocumentFragment>
  <div>
    <button
      style="display: inline-flex; align-items: center; justify-content: center; position: relative; box-sizing: border-box; background-color: transparent; font-family: Roboto Helvetica Arial sans-serif; font-weight: 500; font-size: 0.875rem; line-height: 1.75; text-transform: uppercase; min-width: 64px; padding: 5px 15px; border-radius: 4px; color: rgb(25, 118, 210);"
    >
      click to open!
    </button>
  </div>
</DocumentFragment>
`;
